// Jest Snapshot v1, https://goo.gl/fbAQLP

exports[`The Contact component should render correctly 1`] = `
.c0 {
  width: 30%;
  padding-top: 1rem;
}

.c1 {
  display: -webkit-box;
  display: -webkit-flex;
  display: -ms-flexbox;
  display: flex;
  -webkit-flex-direction: column;
  -ms-flex-direction: column;
  flex-direction: column;
  width: 50%;
}

.c2 {
  display: -webkit-box;
  display: -webkit-flex;
  display: -ms-flexbox;
  display: flex;
  -webkit-align-items: center;
  -webkit-box-align: center;
  -ms-flex-align: center;
  align-items: center;
}

.c3 {
  -webkit-flex: 1;
  -ms-flex: 1;
  flex: 1;
  margin: 0.5rem;
}

.c4 {
  padding: 0;
  font: inherit;
  cursor: pointer;
  border: none;
  outline: none;
  background: none;
  -webkit-text-decoration: underline;
  text-decoration: underline;
  -webkit-align-self: flex-end;
  -ms-flex-item-align: end;
  align-self: flex-end;
  margin-top: 0.5rem;
}

<div>
  <div
    class="c0"
  >
    <h2>
      Keep up to date on the tomato
    </h2>
    <p>
      Enter your name and email address below to receive weekly updates on the status of the tomato
    </p>
    <form
      class="c1"
    >
      <label
        class="c2"
      >
        Name
        <input
          class="c3"
          type="text"
          value=""
        />
      </label>
      <label
        class="c2"
      >
        E-mail
        <input
          class="c3"
          type="text"
          value=""
        />
      </label>
      <button
        class="c4"
        type="submit"
      >
        Submit
      </button>
    </form>
  </div>
</div>
`;
