// Jest Snapshot v1, https://goo.gl/fbAQLP

exports[`The TabView component should render correctly (with the first tab active) 1`] = `
Object {
  "asFragment": [Function],
  "baseElement": .c0 {
  width: 100%;
  display: -webkit-box;
  display: -webkit-flex;
  display: -ms-flexbox;
  display: flex;
  -webkit-box-pack: space-evenly;
  -webkit-justify-content: space-evenly;
  -ms-flex-pack: space-evenly;
  justify-content: space-evenly;
  padding: 0;
}

.c1 {
  width: 100%;
  height: 2rem;
  padding: 0;
  margin: 0;
  list-style-type: none;
}

.c2 {
  height: 100%;
  width: 100%;
  padding: 0;
  font: inherit;
  cursor: pointer;
  border: none;
  outline: 0.1rem solid black;
  background: none;
}

.c3 {
  height: 100%;
  width: 100%;
  padding: 0;
  font: inherit;
  cursor: pointer;
  border: none;
  outline: 0.1rem solid black;
  background: light gray;
}

<body>
    <div>
      <ul
        class="c0"
        role="tablist"
      >
        <li
          class="c1"
          role="presentation"
        >
          <button
            class="c2"
            role="tab"
          >
            Nutrition
          </button>
        </li>
        <li
          class="c1"
          role="presentation"
        >
          <button
            class="c3"
            role="tab"
          >
            Health benefits
          </button>
        </li>
        <li
          class="c1"
          role="presentation"
        >
          <button
            class="c3"
            role="tab"
          >
            Storage
          </button>
        </li>
      </ul>
    </div>
  </body>,
  "container": <div>
    <ul
      class="sc-bdfBwQ dcSSuq"
      role="tablist"
    >
      <li
        class="sc-gsTCUz bVqLfQ"
        role="presentation"
      >
        <button
          class="sc-dlfnbm bxWKmq"
          role="tab"
        >
          Nutrition
        </button>
      </li>
      <li
        class="sc-gsTCUz bVqLfQ"
        role="presentation"
      >
        <button
          class="sc-dlfnbm kdjINT"
          role="tab"
        >
          Health benefits
        </button>
      </li>
      <li
        class="sc-gsTCUz bVqLfQ"
        role="presentation"
      >
        <button
          class="sc-dlfnbm kdjINT"
          role="tab"
        >
          Storage
        </button>
      </li>
    </ul>
  </div>,
  "debug": [Function],
  "findAllByAltText": [Function],
  "findAllByDisplayValue": [Function],
  "findAllByLabelText": [Function],
  "findAllByPlaceholderText": [Function],
  "findAllByRole": [Function],
  "findAllByTestId": [Function],
  "findAllByText": [Function],
  "findAllByTitle": [Function],
  "findByAltText": [Function],
  "findByDisplayValue": [Function],
  "findByLabelText": [Function],
  "findByPlaceholderText": [Function],
  "findByRole": [Function],
  "findByTestId": [Function],
  "findByText": [Function],
  "findByTitle": [Function],
  "getAllByAltText": [Function],
  "getAllByDisplayValue": [Function],
  "getAllByLabelText": [Function],
  "getAllByPlaceholderText": [Function],
  "getAllByRole": [Function],
  "getAllByTestId": [Function],
  "getAllByText": [Function],
  "getAllByTitle": [Function],
  "getByAltText": [Function],
  "getByDisplayValue": [Function],
  "getByLabelText": [Function],
  "getByPlaceholderText": [Function],
  "getByRole": [Function],
  "getByTestId": [Function],
  "getByText": [Function],
  "getByTitle": [Function],
  "queryAllByAltText": [Function],
  "queryAllByDisplayValue": [Function],
  "queryAllByLabelText": [Function],
  "queryAllByPlaceholderText": [Function],
  "queryAllByRole": [Function],
  "queryAllByTestId": [Function],
  "queryAllByText": [Function],
  "queryAllByTitle": [Function],
  "queryByAltText": [Function],
  "queryByDisplayValue": [Function],
  "queryByLabelText": [Function],
  "queryByPlaceholderText": [Function],
  "queryByRole": [Function],
  "queryByTestId": [Function],
  "queryByText": [Function],
  "queryByTitle": [Function],
  "rerender": [Function],
  "unmount": [Function],
}
`;
