// Jest Snapshot v1, https://goo.gl/fbAQLP

exports[`The Tomato component should render correctly 1`] = `
Object {
  "asFragment": [Function],
  "baseElement": .c3 {
  width: 65%;
}

.c4 {
  width: 250px;
}

.c5 {
  width: 30%;
}

.c6 {
  background: #ebebeb;
}

.c7 {
  padding-top: 1rem;
}

.c0 {
  padding: 0 2rem;
  font-family: Arial,Helvetica,sans-serif;
  text-align: left;
}

.c1 {
  width: 100%;
}

.c2 {
  display: -webkit-box;
  display: -webkit-flex;
  display: -ms-flexbox;
  display: flex;
  -webkit-box-pack: justify;
  -webkit-justify-content: space-between;
  -ms-flex-pack: justify;
  justify-content: space-between;
}

.c8 {
  width: 100%;
  padding-top: 1rem;
}

<body>
    <div>
      <div
        class="c0"
      >
        <div
          class="c1"
        >
          <h1>
            The Tomato
          </h1>
        </div>
        <div
          class="c2"
        >
          <div
            class="c3"
          >
            <img
              alt="Image of tomato"
              class="c4"
              src="tomato.jpg"
            />
            <h2>
              Varieties
            </h2>
            <p>
              There are around 7500 tomato varieties grown for various purposes. Heirloom tomatoes are becoming increasingly popular, particularly among home gardeners and organic producers, since they tend to produce more interesting and flavorful crops at the cost of disease resistance and productivity. In 1973, Israeli scientists developed the world's first long shelf-life commercial tomato varieties.
            </p>
            <p>
              Tomato varieties are roughly divided into several categories, based mostly on shape and size.
            </p>
            <ul>
              <li>
                "Slicing"/"globe" tomatoes
              </li>
              <li>
                Beefsteak tomatoes
              </li>
              <li>
                Oxheart tomatoes
              </li>
              <li>
                Plum tomatoes
              </li>
              <li>
                Pear tomatoes
              </li>
              <li>
                Cherry tomatoes
              </li>
              <li>
                Grape tomatoes
              </li>
              <li>
                Campari tomatoes
              </li>
            </ul>
          </div>
          <div
            class="c5"
          >
            <h3>
              Red tomatoes, raw
            </h3>
            <p>
              Nutritional value per 100 g (3.5 oz)
            </p>
            <table>
              <tbody>
                <tr>
                  <th
                    class="c6"
                  >
                    Energy
                  </th>
                  <th
                    class="c6"
                  >
                    74kJ (18 kcal)
                  </th>
                </tr>
                <tr>
                  <td
                    class="c7"
                  >
                    Carbohydrates
                  </td>
                  <td
                    class="c7"
                  >
                    3.9 g
                  </td>
                </tr>
                <tr>
                  <td
                    class="c7"
                  >
                    - Sugars
                  </td>
                  <td
                    class="c7"
                  >
                    2.6 g
                  </td>
                </tr>
                <tr>
                  <td
                    class="c7"
                  >
                    - Dietary fiber
                  </td>
                  <td
                    class="c7"
                  >
                    1.2 g
                  </td>
                </tr>
                <tr>
                  <td
                    class="c7"
                  >
                    Fat
                  </td>
                  <td
                    class="c7"
                  >
                    0.2 g
                  </td>
                </tr>
                <tr>
                  <td
                    class="c7"
                  >
                    Protein
                  </td>
                  <td
                    class="c7"
                  >
                    0.9 g
                  </td>
                </tr>
                <tr>
                  <td
                    class="c7"
                  >
                    Water
                  </td>
                  <td
                    class="c7"
                  >
                    94.5 g
                  </td>
                </tr>
                <tr>
                  <td
                    class="c7"
                  >
                    Vitamin A equiv.
                  </td>
                  <td
                    class="c7"
                  >
                    42 µg (5%)
                  </td>
                </tr>
                <tr>
                  <td
                    class="c7"
                  >
                    - lutein and zeaxanthin
                  </td>
                  <td
                    class="c7"
                  >
                    123 µg
                  </td>
                </tr>
                <tr>
                  <td
                    class="c7"
                  >
                    Vitamin C
                  </td>
                  <td
                    class="c7"
                  >
                    14 mg (17%)
                  </td>
                </tr>
                <tr>
                  <td
                    class="c7"
                  >
                    Vitamin E
                  </td>
                  <td
                    class="c7"
                  >
                    0.54 mg (4%)
                  </td>
                </tr>
                <tr>
                  <td
                    class="c7"
                  >
                    Potassium
                  </td>
                  <td
                    class="c7"
                  >
                    237 mg (5%)
                  </td>
                </tr>
              </tbody>
            </table>
            <p>
              Percentages are relative to US recommendations for adults
            </p>
            <p>
              Source:
               
              <a
                href="http://www.nal.usda.gov/fnic/foodcomp/search/"
              >
                 
                USDA Nutrient Database
              </a>
            </p>
          </div>
        </div>
        <div
          class="c8"
        >
          <div
            id="TabView"
          />
        </div>
        <div
          id="Contact"
        />
      </div>
    </div>
  </body>,
  "container": <div>
    <div
      class="sc-jSgupP bhWUnM"
    >
      <div
        class="sc-gKsewC jwAxTp"
      >
        <h1>
          The Tomato
        </h1>
      </div>
      <div
        class="sc-iBPRYJ eBvofg"
      >
        <div
          class="sc-bdfBwQ cYPkhV"
        >
          <img
            alt="Image of tomato"
            class="sc-gsTCUz fBVUqk"
            src="tomato.jpg"
          />
          <h2>
            Varieties
          </h2>
          <p>
            There are around 7500 tomato varieties grown for various purposes. Heirloom tomatoes are becoming increasingly popular, particularly among home gardeners and organic producers, since they tend to produce more interesting and flavorful crops at the cost of disease resistance and productivity. In 1973, Israeli scientists developed the world's first long shelf-life commercial tomato varieties.
          </p>
          <p>
            Tomato varieties are roughly divided into several categories, based mostly on shape and size.
          </p>
          <ul>
            <li>
              "Slicing"/"globe" tomatoes
            </li>
            <li>
              Beefsteak tomatoes
            </li>
            <li>
              Oxheart tomatoes
            </li>
            <li>
              Plum tomatoes
            </li>
            <li>
              Pear tomatoes
            </li>
            <li>
              Cherry tomatoes
            </li>
            <li>
              Grape tomatoes
            </li>
            <li>
              Campari tomatoes
            </li>
          </ul>
        </div>
        <div
          class="sc-dlfnbm gFdIRu"
        >
          <h3>
            Red tomatoes, raw
          </h3>
          <p>
            Nutritional value per 100 g (3.5 oz)
          </p>
          <table>
            <tbody>
              <tr>
                <th
                  class="sc-hKgILt jtmEwi"
                >
                  Energy
                </th>
                <th
                  class="sc-hKgILt jtmEwi"
                >
                  74kJ (18 kcal)
                </th>
              </tr>
              <tr>
                <td
                  class="sc-eCssSg PDepf"
                >
                  Carbohydrates
                </td>
                <td
                  class="sc-eCssSg PDepf"
                >
                  3.9 g
                </td>
              </tr>
              <tr>
                <td
                  class="sc-eCssSg PDepf"
                >
                  - Sugars
                </td>
                <td
                  class="sc-eCssSg PDepf"
                >
                  2.6 g
                </td>
              </tr>
              <tr>
                <td
                  class="sc-eCssSg PDepf"
                >
                  - Dietary fiber
                </td>
                <td
                  class="sc-eCssSg PDepf"
                >
                  1.2 g
                </td>
              </tr>
              <tr>
                <td
                  class="sc-eCssSg PDepf"
                >
                  Fat
                </td>
                <td
                  class="sc-eCssSg PDepf"
                >
                  0.2 g
                </td>
              </tr>
              <tr>
                <td
                  class="sc-eCssSg PDepf"
                >
                  Protein
                </td>
                <td
                  class="sc-eCssSg PDepf"
                >
                  0.9 g
                </td>
              </tr>
              <tr>
                <td
                  class="sc-eCssSg PDepf"
                >
                  Water
                </td>
                <td
                  class="sc-eCssSg PDepf"
                >
                  94.5 g
                </td>
              </tr>
              <tr>
                <td
                  class="sc-eCssSg PDepf"
                >
                  Vitamin A equiv.
                </td>
                <td
                  class="sc-eCssSg PDepf"
                >
                  42 µg (5%)
                </td>
              </tr>
              <tr>
                <td
                  class="sc-eCssSg PDepf"
                >
                  - lutein and zeaxanthin
                </td>
                <td
                  class="sc-eCssSg PDepf"
                >
                  123 µg
                </td>
              </tr>
              <tr>
                <td
                  class="sc-eCssSg PDepf"
                >
                  Vitamin C
                </td>
                <td
                  class="sc-eCssSg PDepf"
                >
                  14 mg (17%)
                </td>
              </tr>
              <tr>
                <td
                  class="sc-eCssSg PDepf"
                >
                  Vitamin E
                </td>
                <td
                  class="sc-eCssSg PDepf"
                >
                  0.54 mg (4%)
                </td>
              </tr>
              <tr>
                <td
                  class="sc-eCssSg PDepf"
                >
                  Potassium
                </td>
                <td
                  class="sc-eCssSg PDepf"
                >
                  237 mg (5%)
                </td>
              </tr>
            </tbody>
          </table>
          <p>
            Percentages are relative to US recommendations for adults
          </p>
          <p>
            Source:
             
            <a
              href="http://www.nal.usda.gov/fnic/foodcomp/search/"
            >
               
              USDA Nutrient Database
            </a>
          </p>
        </div>
      </div>
      <div
        class="sc-fubCfw jERzYb"
      >
        <div
          id="TabView"
        />
      </div>
      <div
        id="Contact"
      />
    </div>
  </div>,
  "debug": [Function],
  "findAllByAltText": [Function],
  "findAllByDisplayValue": [Function],
  "findAllByLabelText": [Function],
  "findAllByPlaceholderText": [Function],
  "findAllByRole": [Function],
  "findAllByTestId": [Function],
  "findAllByText": [Function],
  "findAllByTitle": [Function],
  "findByAltText": [Function],
  "findByDisplayValue": [Function],
  "findByLabelText": [Function],
  "findByPlaceholderText": [Function],
  "findByRole": [Function],
  "findByTestId": [Function],
  "findByText": [Function],
  "findByTitle": [Function],
  "getAllByAltText": [Function],
  "getAllByDisplayValue": [Function],
  "getAllByLabelText": [Function],
  "getAllByPlaceholderText": [Function],
  "getAllByRole": [Function],
  "getAllByTestId": [Function],
  "getAllByText": [Function],
  "getAllByTitle": [Function],
  "getByAltText": [Function],
  "getByDisplayValue": [Function],
  "getByLabelText": [Function],
  "getByPlaceholderText": [Function],
  "getByRole": [Function],
  "getByTestId": [Function],
  "getByText": [Function],
  "getByTitle": [Function],
  "queryAllByAltText": [Function],
  "queryAllByDisplayValue": [Function],
  "queryAllByLabelText": [Function],
  "queryAllByPlaceholderText": [Function],
  "queryAllByRole": [Function],
  "queryAllByTestId": [Function],
  "queryAllByText": [Function],
  "queryAllByTitle": [Function],
  "queryByAltText": [Function],
  "queryByDisplayValue": [Function],
  "queryByLabelText": [Function],
  "queryByPlaceholderText": [Function],
  "queryByRole": [Function],
  "queryByTestId": [Function],
  "queryByText": [Function],
  "queryByTitle": [Function],
  "rerender": [Function],
  "unmount": [Function],
}
`;
